// Jest Snapshot v1, https://goo.gl/fbAQLP

exports[`DatePickerSelect renders correctly 1`] = `
<div
  className="sc-htpNat kYYGhy"
  disabled={false}
>
  <input
    id=""
    onChange={[Function]}
    type="hidden"
    value="Value"
  />
  <p
    className="label-select"
  >
    
  </p>
  <select
    className="dc-date"
    disabled={false}
    name="selectDate"
    onBlur={[Function]}
    onChange={[Function]}
    value="Invalid date"
  >
    <option
      value=""
    >
      Tanggal
    </option>
    <option
      value="01"
    >
      01
    </option>
    <option
      value="02"
    >
      02
    </option>
    <option
      value="03"
    >
      03
    </option>
    <option
      value="04"
    >
      04
    </option>
    <option
      value="05"
    >
      05
    </option>
    <option
      value="06"
    >
      06
    </option>
    <option
      value="07"
    >
      07
    </option>
    <option
      value="08"
    >
      08
    </option>
    <option
      value="09"
    >
      09
    </option>
    <option
      value={10}
    >
      10
    </option>
    <option
      value={11}
    >
      11
    </option>
    <option
      value={12}
    >
      12
    </option>
    <option
      value={13}
    >
      13
    </option>
    <option
      value={14}
    >
      14
    </option>
    <option
      value={15}
    >
      15
    </option>
    <option
      value={16}
    >
      16
    </option>
    <option
      value={17}
    >
      17
    </option>
    <option
      value={18}
    >
      18
    </option>
    <option
      value={19}
    >
      19
    </option>
    <option
      value={20}
    >
      20
    </option>
    <option
      value={21}
    >
      21
    </option>
    <option
      value={22}
    >
      22
    </option>
    <option
      value={23}
    >
      23
    </option>
    <option
      value={24}
    >
      24
    </option>
    <option
      value={25}
    >
      25
    </option>
    <option
      value={26}
    >
      26
    </option>
    <option
      value={27}
    >
      27
    </option>
    <option
      value={28}
    >
      28
    </option>
    <option
      value={29}
    >
      29
    </option>
    <option
      value={30}
    >
      30
    </option>
    <option
      value={31}
    >
      31
    </option>
  </select>
  <select
    className="dc-month"
    disabled={false}
    name="selectMonth"
    onBlur={[Function]}
    onChange={[Function]}
    value="Invalid date"
  >
    <option
      value=""
    >
      Bulan
    </option>
    <option
      value="01"
    >
      Januari
    </option>
    <option
      value="02"
    >
      Februari
    </option>
    <option
      value="03"
    >
      Maret
    </option>
    <option
      value="04"
    >
      April
    </option>
    <option
      value="05"
    >
      Mei
    </option>
    <option
      value="06"
    >
      Juni
    </option>
    <option
      value="07"
    >
      Juli
    </option>
    <option
      value="08"
    >
      Agustus
    </option>
    <option
      value="09"
    >
      September
    </option>
    <option
      value={10}
    >
      Oktober
    </option>
    <option
      value={11}
    >
      November
    </option>
    <option
      value={12}
    >
      Desember
    </option>
  </select>
  <select
    className="dc-year"
    disabled={false}
    name="selectYear"
    onBlur={[Function]}
    onChange={[Function]}
    value="Invalid date"
  >
    <option
      value=""
    >
      Tahun
    </option>
    <option
      value={2019}
    >
      2019
    </option>
  </select>
</div>
`;
